// Jest Snapshot v1, https://goo.gl/fbAQLP

exports[`Should OfferReviewsList render properly 1`] = `
<ul
  className="reviews__list"
>
  <li
    className="reviews__review"
  >
    <div
      className="reviews__user user"
    >
      <div
        className="reviews__avatar-wrapper user__avatar-wrapper"
      >
        <img
          alt="Reviews avatar"
          className="reviews__avatar user__avatar"
          height="54"
          src="img/avatar-max.jpg"
          width="54"
        />
      </div>
      <span
        className="reviews__user-name"
      >
        Tom
      </span>
    </div>
    <div
      className="reviews__info"
    >
      <div
        className="reviews__rating rating"
      >
        <div
          className="reviews__stars rating__stars"
        >
          <span
            style={
              Object {
                "width": "80%",
              }
            }
          />
          <span
            className="visually-hidden"
          >
            Rating
          </span>
        </div>
      </div>
      <p
        className="reviews__text"
      >
        Lorem ipsum dolor sit et dolore magna aliqua. Ut enim ad minim veniam
      </p>
      <time
        className="reviews__time"
        dateTime="Sat Nov 14 2020"
      >
        October
         
        2020
      </time>
    </div>
  </li>
  <li
    className="reviews__review"
  >
    <div
      className="reviews__user user"
    >
      <div
        className="reviews__avatar-wrapper user__avatar-wrapper"
      >
        <img
          alt="Reviews avatar"
          className="reviews__avatar user__avatar"
          height="54"
          src="img/avatar-max.jpg"
          width="54"
        />
      </div>
      <span
        className="reviews__user-name"
      >
        Bob
      </span>
    </div>
    <div
      className="reviews__info"
    >
      <div
        className="reviews__rating rating"
      >
        <div
          className="reviews__stars rating__stars"
        >
          <span
            style={
              Object {
                "width": "60%",
              }
            }
          />
          <span
            className="visually-hidden"
          >
            Rating
          </span>
        </div>
      </div>
      <p
        className="reviews__text"
      >
        Lorem ipsum dolor sir incididunt ut labore et dolore magna aliqua. Ut enim ad minim veniam
      </p>
      <time
        className="reviews__time"
        dateTime="Invalid Date"
      >
         
        NaN
      </time>
    </div>
  </li>
</ul>
`;
