// Jest Snapshot v1, https://goo.gl/fbAQLP

exports[`Should MainContent render properly 1`] = `
<div
  className="cities"
>
  <div
    className="cities__places-container container"
  >
    <section
      className="cities__places places"
    >
      <h2
        className="visually-hidden"
      >
        Places
      </h2>
      <b
        className="places__found"
      >
        3
         places to stay in 
        Amsterdam
      </b>
      <form
        action="#"
        className="places__sorting"
        method="get"
      >
        <span
          className="places__sorting-caption"
        >
          Sort by
        </span>
        <span
          className="places__sorting-type"
          onClick={[Function]}
          tabIndex="0"
        >
          Popular
          <svg
            className="places__sorting-arrow"
            height="4"
            width="7"
          >
            <use
              xlinkHref="#icon-arrow-select"
            />
          </svg>
        </span>
        <ul
          className="places__options places__options--custom
        "
        >
          <li
            className="places__option places__option--active"
            onClick={[Function]}
            tabIndex="0"
          >
            Popular
          </li>
          <li
            className="places__option "
            onClick={[Function]}
            tabIndex="0"
          >
            Price: low to high
          </li>
          <li
            className="places__option "
            onClick={[Function]}
            tabIndex="0"
          >
            Price: high to low
          </li>
          <li
            className="places__option "
            onClick={[Function]}
            tabIndex="0"
          >
            Top rated first
          </li>
        </ul>
      </form>
      <div
        className="cities__places-list places__list tabs__content"
      >
        <article
          className="cities__place-card place-card"
          onMouseEnter={[Function]}
          onMouseLeave={[Function]}
        >
          <div
            className="place-card__mark"
          >
            <span>
              Premium
            </span>
          </div>
          <div
            className="cities__image-wrapper place-card__image-wrapper"
          >
            <a
              href="#"
            >
              <img
                alt="Place image"
                className="place-card__image"
                height="200"
                src="img/apartment-02.jpg"
                width="260"
              />
            </a>
          </div>
          <div
            className="place-card__info"
          >
            <div
              className="place-card__price-wrapper"
            >
              <div
                className="place-card__price"
              >
                <b
                  className="place-card__price-value"
                >
                  €
                  100
                </b>
                <span
                  className="place-card__price-text"
                >
                  / night
                </span>
              </div>
              <button
                className="place-card__bookmark-button
           place-card__bookmark-button--active
           button"
                type="button"
              >
                <svg
                  className="place-card__bookmark-icon"
                  height="19"
                  width="18"
                >
                  <use
                    xlinkHref="#icon-bookmark"
                  />
                </svg>
                <span
                  className="visually-hidden"
                >
                  In bookmarks
                </span>
              </button>
            </div>
            <div
              className="place-card__rating rating"
            >
              <div
                className="place-card__stars rating__stars"
              >
                <span
                  style={
                    Object {
                      "width": "100%",
                    }
                  }
                />
                <span
                  className="visually-hidden"
                >
                  Rating
                </span>
              </div>
            </div>
            <h2
              className="place-card__name"
            >
              <a
                href="/offer/101"
                onClick={[Function]}
              >
                Wood and stone place
              </a>
            </h2>
            <p
              className="place-card__type"
            >
              House
            </p>
          </div>
        </article>
        <article
          className="cities__place-card place-card"
          onMouseEnter={[Function]}
          onMouseLeave={[Function]}
        >
          <div
            className="cities__image-wrapper place-card__image-wrapper"
          >
            <a
              href="#"
            >
              <img
                alt="Place image"
                className="place-card__image"
                height="200"
                src="img/apartment-02.jpg"
                width="260"
              />
            </a>
          </div>
          <div
            className="place-card__info"
          >
            <div
              className="place-card__price-wrapper"
            >
              <div
                className="place-card__price"
              >
                <b
                  className="place-card__price-value"
                >
                  €
                  80
                </b>
                <span
                  className="place-card__price-text"
                >
                  / night
                </span>
              </div>
              <button
                className="place-card__bookmark-button
           place-card__bookmark-button--active
           button"
                type="button"
              >
                <svg
                  className="place-card__bookmark-icon"
                  height="19"
                  width="18"
                >
                  <use
                    xlinkHref="#icon-bookmark"
                  />
                </svg>
                <span
                  className="visually-hidden"
                >
                  In bookmarks
                </span>
              </button>
            </div>
            <div
              className="place-card__rating rating"
            >
              <div
                className="place-card__stars rating__stars"
              >
                <span
                  style={
                    Object {
                      "width": "80%",
                    }
                  }
                />
                <span
                  className="visually-hidden"
                >
                  Rating
                </span>
              </div>
            </div>
            <h2
              className="place-card__name"
            >
              <a
                href="/offer/102"
                onClick={[Function]}
              >
                Nice, cozy, warm big bed apartment
              </a>
            </h2>
            <p
              className="place-card__type"
            >
              Hotel
            </p>
          </div>
        </article>
        <article
          className="cities__place-card place-card"
          onMouseEnter={[Function]}
          onMouseLeave={[Function]}
        >
          <div
            className="cities__image-wrapper place-card__image-wrapper"
          >
            <a
              href="#"
            >
              <img
                alt="Place image"
                className="place-card__image"
                height="200"
                src="img/apartment-02.jpg"
                width="260"
              />
            </a>
          </div>
          <div
            className="place-card__info"
          >
            <div
              className="place-card__price-wrapper"
            >
              <div
                className="place-card__price"
              >
                <b
                  className="place-card__price-value"
                >
                  €
                  120
                </b>
                <span
                  className="place-card__price-text"
                >
                  / night
                </span>
              </div>
              <button
                className="place-card__bookmark-button
           false
           button"
                type="button"
              >
                <svg
                  className="place-card__bookmark-icon"
                  height="19"
                  width="18"
                >
                  <use
                    xlinkHref="#icon-bookmark"
                  />
                </svg>
                <span
                  className="visually-hidden"
                >
                  To bookmarks
                </span>
              </button>
            </div>
            <div
              className="place-card__rating rating"
            >
              <div
                className="place-card__stars rating__stars"
              >
                <span
                  style={
                    Object {
                      "width": "60%",
                    }
                  }
                />
                <span
                  className="visually-hidden"
                >
                  Rating
                </span>
              </div>
            </div>
            <h2
              className="place-card__name"
            >
              <a
                href="/offer/103"
                onClick={[Function]}
              >
                Canal View Prinsengracht
              </a>
            </h2>
            <p
              className="place-card__type"
            >
              Hotel
            </p>
          </div>
        </article>
      </div>
    </section>
    <div
      className="cities__right-section"
    >
      <section
        className="cities__map map"
      >
        <div
          style={
            Object {
              "height": "100%",
            }
          }
        />
      </section>
    </div>
  </div>
</div>
`;
